// Jest Snapshot v1, https://goo.gl/fbAQLP

exports[`NavBar renders a snapshot properly 1`] = `
<nav
  className="navbar navbar-inverse"
>
  <div
    className="container"
  >
    <div
      className="navbar-header"
    >
      <span
        className="navbar-brand"
      >
        NavBar title
      </span>
      <button
        className="navbar-toggle collapsed"
        onClick={[Function]}
        type="button"
      >
        <span
          className="sr-only"
        >
          Toggle navigation
        </span>
        <span
          className="icon-bar"
        />
        <span
          className="icon-bar"
        />
        <span
          className="icon-bar"
        />
      </button>
    </div>
    <div
      aria-expanded={null}
      className="navbar-collapse collapse"
    >
      <ul
        className="nav navbar-nav"
        role={null}
      >
        <li
          className="active"
          role="presentation"
          style={Object {}}
        >
          <a
            href="/"
            onClick={[Function]}
            onKeyDown={[Function]}
          >
            Home
          </a>
        </li>
        <li
          className=""
          role="presentation"
          style={undefined}
        >
          <a
            href="/about"
            onClick={[Function]}
            onKeyDown={[Function]}
          >
            About
          </a>
        </li>
      </ul>
      <ul
        className="nav navbar-nav navbar-right"
        role={null}
      >
        <li
          className=""
          role="presentation"
          style={undefined}
        >
          <a
            href="/signup"
            onClick={[Function]}
            onKeyDown={[Function]}
          >
            Signup
          </a>
        </li>
        <li
          className=""
          role="presentation"
          style={undefined}
        >
          <a
            href="/signin"
            onClick={[Function]}
            onKeyDown={[Function]}
          >
            Signin
          </a>
        </li>
      </ul>
    </div>
  </div>
</nav>
`;
