// Jest Snapshot v1, https://goo.gl/fbAQLP

exports[`Signout renders a snapshot properly 1`] = `
<div>
  <p>
    You are now signed out. Click 
    <a
      href="/signin"
      onClick={[Function]}
    >
      here
    </a>
     to sign back in.
  </p>
</div>
`;
